V3 3
FL E:/Xilinx/JK_FF/JK.vhd 2013/07/11.23:44:24 O.61xd
EN work/JKFLIPFLOP1 1373566467 FL E:/Xilinx/JK_FF/JK.vhd PB ieee/std_logic_1164 1308643377 \
      PB ieee/std_logic_arith 1308643378 PB ieee/STD_LOGIC_UNSIGNED 1308643379
AR work/JKFLIPFLOP1/Behavioral 1373566468 \
      FL E:/Xilinx/JK_FF/JK.vhd EN work/JKFLIPFLOP1 1373566467
